{
    "id": "1",
    "result": 2,
    "jsonrpc": "2.0"
}
