{
    "jsonrpc": "2.0",
    "error": {
        "code": -32601,
        "message": "Method not found",
        "data": null
    },
    "id": "1"
}
