{
    "id": "1",
    "result": 98,
    "jsonrpc": "2.0"
}
