{
    "id": "1",
    "result": "binding@deepValue Alexandr",
    "jsonrpc": "2.0"
}
