{
    "id": 1,
    "result": "User 1",
    "jsonrpc": "2.0"
}
