{
    "id": 1,
    "result": "User 3",
    "jsonrpc": "2.0"
}
