{
    "id": "1",
    "result": "15386",
    "jsonrpc": "2.0"
}
