{
    "id": 1,
    "result": "User 2",
    "jsonrpc": "2.0"
}
