{
    "error": {
        "code": -1,
        "data": null,
        "message": "Unknown"
    },
    "id": "1",
    "jsonrpc": "2.0"
}
