{
    "id": "1",
    "result": "bind-13",
    "jsonrpc": "2.0"
}
