{
    "id": 1,
    "result": "No user",
    "jsonrpc": "2.0"
}
