{
    "jsonrpc": "2.0",
    "method": "binding@getModel",
    "params": {
        "fixtureModel": 13
    },
    "id": 1
}
