{
    "jsonrpc": "12.0",
    "method": "fixture@alwaysResult",
    "params": [],
    "id": 1
}
