{
    "jsonrpc": "2.0",
    "method": "fixture@internalError",
    "id": 1
}
