{
    "jsonrpc": "2.0",
    "method": "fixture@getUserNameCustomKey",
    "params": {
        "user": "test@domain.com"
    },
    "id": 1
}
