{
    "jsonrpc": "2.0",
    "method": "fixture@getUserNameNestedParameter",
    "params": {
      "user": {
        "title": "Dr.",
        "id": 3
      }
    },
    "id": 1
}
