{
    "jsonrpc": "2.0",
    "method": "fixture@closeMethod",
    "id": 1
}
