{
    "jsonrpc": "2.0",
    "method": "foobar",
    "id": "1"
}
