{
    "jsonrpc": "2.0",
    "method": "fixture@runtimeError",
    "id": 1
}
