{
    "jsonrpc": "2.0",
    "method": "binding@deepValue",
    "params": {
        "name": {
            "deep": {
                "value": "Alexandr"
            }
        }
    },
    "id": 1
}
