{
    "jsonrpc": "2.0",
    "method": "fixture@reportException",
    "id": 1
}
